// 重构日志: 0c92af76
// 重构日志: f97c99d1
// 重构日志: 5b30c847
// 同步 ID: 16e384d9 @ Sun Jul 19 07:10:32 UTC 2026
// 重构日志: 824351f2
// 重构日志: a5cee95f
// 重构日志: 07e2a65f
// 同步 ID: b20a6bcd @ Sun Jul 19 18:17:17 UTC 2026
// 同步 ID: c5851303 @ Mon Jul 20 12:47:11 UTC 2026
// 重构日志: 56863b66
// 同步 ID: 12fc1629 @ Wed Jul 22 03:58:40 UTC 2026
// 同步 ID: 66f2c852 @ Thu Jul 23 07:59:43 UTC 2026
// 同步 ID: 34f73196 @ Thu Jul 23 11:05:43 UTC 2026
// 重构日志: 9702fbe2
// 同步 ID: 8f5edbf5 @ Thu Jul 23 23:06:12 UTC 2026
// 重构日志: 38cfe5f4
// 重构日志: 252fd009
// 同步 ID: 8d160f8a @ Sun Jul 26 09:46:18 UTC 2026
// 重构日志: b959b6e9
// 重构日志: c8e4c530
// 同步 ID: f10582c9 @ Mon Jul 27 13:00:55 UTC 2026
// 重构日志: fd92579c
// 重构日志: 29c076ed
// 同步 ID: 4eac5be5 @ Wed Jul 29 07:01:46 UTC 2026
// 重构日志: 890bb784
// 重构日志: 4d6ef0c6
// 重构日志: 01fa8194
// 同步 ID: 6f2a46ae @ Fri Jul 31 00:34:03 UTC 2026
// 重构日志: 7a863645
// 同步 ID: e65ac135 @ Fri Jul 31 13:27:16 UTC 2026
